-*- mode: compilation; default-directory: "~/x/scm/git/llpp/" -*-
Compilation started at Sat Feb 15 01:17:54

ccd=ccache\ gcc ./ahbs
  % Total    % Received % Xferd  Average Speed   Time    Time     Time  Current
                                 Dload  Upload   Total   Spent    Left  Speed
100 4227k  100 4227k    0     0  6136k      0 --:--:-- --:--:-- --:--:-- 6135k
/home/malc/x/scm/git/llpp/build/ocaml-5.3.0
configure: Configuring OCaml version 5.3.0
checking build system type... aarch64-unknown-linux-gnu
checking host system type... aarch64-unknown-linux-gnu
checking target system type... aarch64-unknown-linux-gnu
checking for csc... no
checking for ld... ld
checking how to print strings... printf
checking for gcc... ccache gcc
checking whether the C compiler works... yes
checking for C compiler default output file name... a.out
checking for suffix of executables... 
checking whether we are cross compiling... no
checking for suffix of object files... o
checking whether the compiler supports GNU C... yes
checking whether ccache gcc accepts -g... yes
checking for ccache gcc option to enable C11 features... none needed
checking for a sed that does not truncate output... /usr/bin/sed
checking for grep that handles long lines and -e... /usr/bin/grep
checking for egrep... /usr/bin/grep -E
checking for fgrep... /usr/bin/grep -F
checking for ld used by ccache gcc... ld
checking if the linker (ld) is GNU ld... yes
checking for BSD- or MS-compatible name lister (nm)... /usr/bin/nm -B
checking the name lister (/usr/bin/nm -B) interface... BSD nm
checking whether ln -s works... yes
checking the maximum length of command line arguments... 1880064
checking how to convert aarch64-unknown-linux-gnu file names to aarch64-unknown-linux-gnu format... func_convert_file_noop
checking how to convert aarch64-unknown-linux-gnu file names to toolchain format... func_convert_file_noop
checking for ld option to reload object files... -r
checking for objdump... objdump
checking how to recognize dependent libraries... pass_all
checking for dlltool... no
checking how to associate runtime and link libraries... printf %s\n
checking for ar... ar
checking for archiver @FILE support... @
checking for strip... strip
checking for ranlib... ranlib
checking for gawk... gawk
checking command to parse /usr/bin/nm -B output from ccache gcc object... ok
checking for sysroot... no
checking for a working dd... /usr/bin/dd
checking how to truncate binary pipes... /usr/bin/dd bs=4096 count=1
checking for mt... no
checking if : is a manifest tool... no
checking for stdio.h... yes
checking for stdlib.h... yes
checking for string.h... yes
checking for inttypes.h... yes
checking for stdint.h... yes
checking for strings.h... yes
checking for sys/stat.h... yes
checking for sys/types.h... yes
checking for unistd.h... yes
checking for dlfcn.h... yes
checking for objdir... .libs
checking if ccache gcc supports -fno-rtti -fno-exceptions... no
checking for ccache gcc option to produce PIC... -fPIC -DPIC
checking if ccache gcc PIC flag -fPIC -DPIC works... yes
checking if ccache gcc static flag -static works... no
checking if ccache gcc supports -c -o file.o... yes
checking if ccache gcc supports -c -o file.o... (cached) yes
checking whether the ccache gcc linker (ld) supports shared libraries... yes
checking whether -lc should be explicitly linked in... no
checking dynamic linker characteristics... GNU/Linux ld.so
checking how to hardcode library paths into programs... immediate
checking whether stripping libraries is possible... yes
checking if libtool supports shared libraries... yes
checking whether to build shared libraries... yes
checking whether to build static libraries... yes
checking how to run the C preprocessor... ccache gcc -E
checking C compiler vendor... gcc-14-2
checking whether host executables can be run in the build... yes
checking whether #! works in shell scripts... yes
checking whether the C compiler accepts -Wold-style-declaration... yes
checking whether the C compiler accepts -Wimplicit-fallthrough=5... yes
checking for flexdll sources... checking for flexlink... no
checking for flexdll.h... no
checking for winpthreads sources... skipping on that platform
checking for a BSD-compatible install... /usr/bin/install -c
checking for library containing cos... -lm
checking for unistd.h... (cached) yes
checking for math.h... yes
checking for pthread_np.h... no
checking for dirent.h... yes
checking for sys/select.h... yes
checking for sys/mman.h... yes
checking for linux/futex.h... yes
checking for off_t... yes
checking size of int... 4
checking size of long... 8
checking size of long *... 8
checking size of short... 2
checking size of long long... 8
configure: Target is a 64 bits architecture
checking whether byte ordering is bigendian... no
checking alignment of double... 8
checking alignment of long... 8
checking alignment of long long... 8
checking for max_align_t... yes
checking if ccache gcc supports _Atomic types with no additional options... yes
checking whether the C compiler supports __attribute__((optimize("tree-vectorize")))... yes
checking whether ccache gcc supports the labels as values extension... yes
checking for ld... ld
checking for rlwrap... rlwrap
configure: checking semantics of signal handlers
checking for sigaction... yes
checking for sigprocmask... yes
configure: POSIX signal handling found.
checking for expm1... yes
checking for log1p... yes
checking for hypot... yes
checking for fma... yes
checking for exp2... yes
checking for log2... yes
checking for cbrt... yes
checking for acosh... yes
checking for asinh... yes
checking for atanh... yes
checking for erf... yes
checking for erfc... yes
checking for trunc... yes
checking for round... yes
checking for copysign... yes
checking whether round works... yes
checking whether fma works... yes
checking for getentropy... yes
checking for getrusage... yes
checking for times... yes
checking for secure_getenv... yes
checking for issetugid... no
checking for library containing clock_gettime... none required
configure: not using thread sanitizer
checking for socket... yes
checking for socketpair... yes
checking for bind... yes
checking for listen... yes
checking for accept... yes
checking for connect... yes
checking for socklen_t... yes
checking for inet_aton... yes
checking for struct sockaddr_in6... yes
checking for getaddrinfo... yes
checking for getnameinfo... yes
checking for inet_pton... yes
checking for inet_ntop... yes
checking for rewinddir... yes
checking for lockf... yes
checking for mkfifo... yes
checking for getcwd... yes
checking for system... yes
checking for sys/types.h... (cached) yes
checking for utime.h... yes
checking for utime... yes
checking for utimes... yes
checking for fchmod... yes
checking for fchown... yes
checking for truncate... yes
checking for ftruncate... yes
checking for select... yes
checking for fd_set... yes
checking for nanosleep... yes
checking for symlink... yes
checking for readlink... yes
checking for lstat... yes
checking for realpath... yes
checking for waitpid... yes
checking for wait4... yes
checking for getgroups... yes
checking for setgroups... yes
checking for initgroups... yes
checking for termios.h... yes
checking for tcgetattr... yes
checking for tcsetattr... yes
checking for tcsendbreak... yes
checking for tcflush... yes
checking for tcflow... yes
checking for setitimer... yes
checking for gethostname... yes
checking for sys/utsname.h... yes
checking for uname... yes
checking for gettimeofday... yes
checking for mktime... yes
checking for setsid... yes
checking for putenv... yes
checking for setenv... yes
checking for unsetenv... yes
checking for locale.h... yes
checking for newlocale... yes
checking for freelocale... yes
checking for uselocale... yes
checking for xlocale.h... no
checking for strtod_l... yes
checking for dlopen... yes
configure: Dynamic loading of shared libraries is supported.
checking for sys/mman.h... (cached) yes
checking for mmap... yes
checking for munmap... yes
checking for pwrite... yes
checking whether the C compiler accepts -fdebug-prefix-map=old=new... yes
checking for struct stat.st_atim.tv_nsec... yes
checking for struct stat.st_atimespec.tv_nsec... no
checking for struct stat.st_atimensec... no
configure: stat supports nanosecond precision
checking how many arguments gethostbyname_r() takes... six
checking how many arguments gethostbyaddr_r() takes... eight
checking for mkstemp... yes
checking for nice... yes
checking for dup3... yes
checking for pipe2... yes
checking for accept4... yes
checking for getauxval... yes
checking for sys/shm.h... yes
checking for shmat... yes
checking for execvpe... yes
checking for spawn.h... yes
checking for posix_spawn... yes
checking for posix_spawnp... yes
checking for pkg-config... /usr/bin/pkg-config
checking for ccache gcc options needed to detect all undeclared functions... none needed
checking whether programs can be linked with zstd... yes
checking whether programs linked with zstd can execute... skipped
configure: compressed compilation artefacts supported
configure: ocamldebug disabled
checking whether ccache gcc is Clang... no
checking whether pthreads work with "-pthread" and "-lpthread"... yes
checking for joinable pthread attribute... PTHREAD_CREATE_JOINABLE
checking whether more special flags are required for pthreads... no
checking for PTHREAD_PRIO_INHERIT... yes
checking for sigwait... yes
checking arguments for pthread_getaffinity_np... GNU
configure: the threads library is supported
checking whether the assembler supports --debug-prefix-map... yes
checking whether the assembler supports CFI directives... yes
configure: not using frame pointers
checking whether mmap supports huge pages... yes
checking whether mmap supports MAP_STACK... yes
configure: creating ./config.status
config.status: creating Makefile.build_config
config.status: creating Makefile.config
config.status: creating stdlib/sys.ml
config.status: creating manual/src/version.tex
config.status: creating manual/src/html_processing/src/common.ml
config.status: creating ocamltest/ocamltest_config.ml
config.status: creating otherlibs/dynlink/dynlink_config.ml
config.status: creating utils/config.common.ml
config.status: creating utils/config.generated.ml
config.status: creating compilerlibs/META
config.status: creating otherlibs/dynlink/META
config.status: creating otherlibs/runtime_events/META
config.status: creating stdlib/META
config.status: creating otherlibs/unix/META
config.status: creating otherlibs/str/META
config.status: creating otherlibs/systhreads/META
config.status: creating runtime/caml/exec.h
config.status: creating runtime/caml/m.h
config.status: creating runtime/caml/s.h
config.status: creating runtime/caml/version.h
config.status: linking file_formats/cmo_format.mli to otherlibs/dynlink/dynlink_cmo_format.mli
config.status: linking file_formats/cmxs_format.mli to otherlibs/dynlink/dynlink_cmxs_format.mli
config.status: linking otherlibs/dynlink/dynlink_platform_intf.ml to otherlibs/dynlink/dynlink_platform_intf.mli
config.status: linking otherlibs/unix/unix_unix.ml to otherlibs/unix/unix.ml
config.status: executing libtool commands
config.status: executing shebang commands
  GEN runtime/primitives
  GEN runtime/caml/opnames.h
  GEN runtime/caml/jumptbl.h
  CC runtime/sak.o
  GEN runtime/prims.c
  MKEXE runtime/sak
  GEN runtime/build_config.h
  CC runtime/prims.o
  CC runtime/addrmap.b.o
  CC runtime/afl.b.o
  CC runtime/alloc.b.o
  CC runtime/array.b.o
  CC runtime/backtrace.b.o
  CC runtime/bigarray.b.o
  CC runtime/blake2.b.o
  CC runtime/callback.b.o
  CC runtime/codefrag.b.o
  CC runtime/compare.b.o
  CC runtime/custom.b.o
  CC runtime/debugger.b.o
  CC runtime/domain.b.o
  CC runtime/dynlink.b.o
  CC runtime/extern.b.o
  CC runtime/fail.b.o
  CC runtime/fiber.b.o
  CC runtime/finalise.b.o
  CC runtime/floats.b.o
  CC runtime/gc_ctrl.b.o
  CC runtime/gc_stats.b.o
  CC runtime/globroots.b.o
  CC runtime/hash.b.o
  CC runtime/intern.b.o
  CC runtime/ints.b.o
  CC runtime/io.b.o
  CC runtime/lexing.b.o
  CC runtime/lf_skiplist.b.o
  CC runtime/main.b.o
  CC runtime/major_gc.b.o
  CC runtime/md5.b.o
  CC runtime/memory.b.o
  CC runtime/memprof.b.o
  CC runtime/meta.b.o
  CC runtime/minor_gc.b.o
  CC runtime/misc.b.o
  CC runtime/obj.b.o
  CC runtime/parsing.b.o
  CC runtime/platform.b.o
  CC runtime/printexc.b.o
  CC runtime/prng.b.o
  CC runtime/roots.b.o
  CC runtime/runtime_events.b.o
  CC runtime/shared_heap.b.o
  CC runtime/signals.b.o
  CC runtime/skiplist.b.o
  CC runtime/startup_aux.b.o
  CC runtime/str.b.o
  CC runtime/sync.b.o
  CC runtime/sys.b.o
  CC runtime/unix.b.o
  CC runtime/weak.b.o
  CC runtime/backtrace_byt.b.o
  CC runtime/fail_byt.b.o
  CC runtime/fix_code.b.o
  CC runtime/interp.b.o
  CC runtime/startup_byt.b.o
  CC runtime/zstd.b.o
  MKLIB runtime/libcamlrun.a
  MKEXE runtime/ocamlrun
cp runtime/ocamlrun boot/ocamlrun
make -C stdlib OCAMLRUN='$(ROOTDIR)/boot/ocamlrun' USE_BOOT_OCAMLC=true all
make[1]: Entering directory '/home/malc/x/scm/git/llpp/build/ocaml-5.3.0/stdlib'
  OCAMLC camlinternalFormatBasics.cmi
  CC header.o
  OCAMLC camlinternalFormatBasics.cmo
  OCAMLC stdlib.cmi
  MKEXE tmpheader.exe
strip tmpheader.exe
  OCAMLC stdlib.cmo
  OCAMLC stdlib__Either.cmi
  OCAMLC stdlib__Sys.cmi
  OCAMLC stdlib__Int32.cmi
  OCAMLC stdlib__Type.cmi
  OCAMLC stdlib__Atomic.cmi
  OCAMLC camlinternalLazy.cmi
  OCAMLC stdlib__Bool.cmi
  OCAMLC stdlib__Char.cmi
  OCAMLC stdlib__Uchar.cmi
  OCAMLC stdlib__Int.cmi
  OCAMLC stdlib__Unit.cmi
  OCAMLC stdlib__Marshal.cmi
  OCAMLC stdlib__Int32.cmo
  OCAMLC stdlib__Int64.cmi
  OCAMLC stdlib__Nativeint.cmi
  OCAMLC stdlib__Lexing.cmi
  OCAMLC stdlib__Mutex.cmi
  OCAMLC stdlib__Semaphore.cmi
  OCAMLC stdlib__Domain.cmi
  OCAMLC stdlib__Arg.cmi
  OCAMLC stdlib__Fun.cmi
  OCAMLC stdlib__Complex.cmi
  OCAMLC stdlib__Digest.cmi
  OCAMLC stdlib__Random.cmi
  OCAMLC stdlib__Scanf.cmi
  OCAMLC stdlib__Callback.cmi
  OCAMLC stdlib__Filename.cmi
  OCAMLC std_exit.cmi
  OCAMLC stdlib__Either.cmo
  OCAMLC stdlib__Sys.cmo
  OCAMLC stdlib__Obj.cmi
  OCAMLC stdlib__Atomic.cmo
  OCAMLC stdlib__Lazy.cmi
  OCAMLC stdlib__Seq.cmi
  OCAMLC stdlib__Bool.cmo
  OCAMLC stdlib__Char.cmo
  OCAMLC stdlib__Uchar.cmo
  OCAMLC stdlib__Int.cmo
  OCAMLC stdlib__Unit.cmo
  OCAMLC stdlib__Int64.cmo
  OCAMLC stdlib__Nativeint.cmo
  OCAMLC stdlib__Parsing.cmi
  OCAMLC stdlib__Set.cmi
  OCAMLC stdlib__Map.cmi
  OCAMLC stdlib__Stack.cmi
  OCAMLC stdlib__Queue.cmi
  OCAMLC stdlib__Buffer.cmi
  OCAMLC stdlib__Mutex.cmo
  OCAMLC stdlib__Condition.cmi
  OCAMLC stdlib__Printexc.cmi
  OCAMLC stdlib__Bigarray.cmi
  OCAMLC stdlib__Hashtbl.cmi
  OCAMLC stdlib__Callback.cmo
  OCAMLC camlinternalOO.cmi
  OCAMLC camlinternalMod.cmi
  OCAMLC stdlib__Dynarray.cmi
  OCAMLC stdlib__ArrayLabels.cmi
  OCAMLC stdlib__ListLabels.cmi
  OCAMLC stdlib__BytesLabels.cmi
  OCAMLC stdlib__StringLabels.cmi
  OCAMLC stdlib__Effect.cmi
  OCAMLC std_exit.cmo
  OCAMLC stdlib__Obj.cmo
  OCAMLC stdlib__Type.cmo
  OCAMLC camlinternalLazy.cmo
  OCAMLC stdlib__Lazy.cmo
  OCAMLC stdlib__Seq.cmo
  OCAMLC stdlib__Option.cmi
  OCAMLC stdlib__Result.cmi
  OCAMLC stdlib__List.cmi
  OCAMLC stdlib__Bytes.cmi
  OCAMLC stdlib__String.cmi
  OCAMLC stdlib__Array.cmi
  OCAMLC stdlib__Float.cmi
  OCAMLC stdlib__Queue.cmo
  OCAMLC stdlib__Condition.cmo
  OCAMLC stdlib__Semaphore.cmo
  OCAMLC camlinternalFormat.cmi
  OCAMLC stdlib__Printf.cmi
  OCAMLC stdlib__Fun.cmo
  OCAMLC stdlib__Gc.cmi
  OCAMLC stdlib__In_channel.cmi
  OCAMLC stdlib__Out_channel.cmi
  OCAMLC stdlib__Bigarray.cmo
  OCAMLC stdlib__Random.cmo
  OCAMLC stdlib__Hashtbl.cmo
  OCAMLC stdlib__Weak.cmi
  OCAMLC stdlib__Format.cmi
  OCAMLC stdlib__Scanf.cmo
  OCAMLC camlinternalOO.cmo
  OCAMLC stdlib__Oo.cmi
  OCAMLC camlinternalMod.cmo
  OCAMLC stdlib__Dynarray.cmo
  OCAMLC stdlib__Ephemeron.cmi
  OCAMLC stdlib__Filename.cmo
  OCAMLC stdlib__Complex.cmo
  OCAMLC stdlib__ArrayLabels.cmo
  OCAMLC stdlib__ListLabels.cmo
  OCAMLC stdlib__BytesLabels.cmo
  OCAMLC stdlib__StringLabels.cmo
  OCAMLC stdlib__MoreLabels.cmi
  OCAMLC stdlib__StdLabels.cmi
  OCAMLC stdlib__Effect.cmo
  OCAMLC stdlib__Option.cmo
  OCAMLC stdlib__Result.cmo
  OCAMLC stdlib__List.cmo
  OCAMLC stdlib__Bytes.cmo
  OCAMLC stdlib__String.cmo
  OCAMLC stdlib__Marshal.cmo
  OCAMLC stdlib__Array.cmo
  OCAMLC stdlib__Float.cmo
  OCAMLC stdlib__Lexing.cmo
  OCAMLC stdlib__Parsing.cmo
  OCAMLC stdlib__Set.cmo
  OCAMLC stdlib__Map.cmo
  OCAMLC stdlib__Stack.cmo
  OCAMLC stdlib__Buffer.cmo
  OCAMLC stdlib__Domain.cmo
  OCAMLC camlinternalFormat.cmo
  OCAMLC stdlib__Printf.cmo
  OCAMLC stdlib__Arg.cmo
  OCAMLC stdlib__Printexc.cmo
  OCAMLC stdlib__Gc.cmo
  OCAMLC stdlib__In_channel.cmo
  OCAMLC stdlib__Out_channel.cmo
  OCAMLC stdlib__Digest.cmo
  OCAMLC stdlib__Weak.cmo
  OCAMLC stdlib__Format.cmo
  OCAMLC stdlib__Oo.cmo
  OCAMLC stdlib__Ephemeron.cmo
  OCAMLC stdlib__MoreLabels.cmo
  OCAMLC stdlib__StdLabels.cmo
  LINKC stdlib.cma
rm tmpheader.exe
make[1]: Leaving directory '/home/malc/x/scm/git/llpp/build/ocaml-5.3.0/stdlib'
rm -f boot/libcamlrun.a boot/stdlib.cma boot/std_exit.cmo boot/*.cmi boot/runtime-launch-info
cp stdlib/stdlib.cma stdlib/std_exit.cmo stdlib/*.cmi stdlib/runtime-launch-info boot
cd boot; ln -sf ../runtime/libcamlrun.a .
/home/malc/x/scm/git/llpp/build/ocaml-5.3.0/boot
make all
make[1]: Entering directory '/home/malc/x/scm/git/llpp/build/ocaml-5.3.0'
  GEN runtime/ld.conf
  CC runtime/addrmap.bd.o
  CC runtime/afl.bd.o
  CC runtime/alloc.bd.o
  CC runtime/array.bd.o
  CC runtime/backtrace.bd.o
  CC runtime/bigarray.bd.o
  CC runtime/blake2.bd.o
  CC runtime/callback.bd.o
  CC runtime/codefrag.bd.o
  CC runtime/compare.bd.o
  CC runtime/custom.bd.o
  CC runtime/debugger.bd.o
  CC runtime/domain.bd.o
  CC runtime/dynlink.bd.o
  CC runtime/extern.bd.o
  CC runtime/fail.bd.o
  CC runtime/fiber.bd.o
  CC runtime/finalise.bd.o
  CC runtime/floats.bd.o
  CC runtime/gc_ctrl.bd.o
  CC runtime/gc_stats.bd.o
  CC runtime/globroots.bd.o
  CC runtime/hash.bd.o
  CC runtime/intern.bd.o
  CC runtime/ints.bd.o
  CC runtime/io.bd.o
  CC runtime/lexing.bd.o
  CC runtime/lf_skiplist.bd.o
  CC runtime/main.bd.o
  CC runtime/major_gc.bd.o
  CC runtime/md5.bd.o
  CC runtime/memory.bd.o
  CC runtime/memprof.bd.o
  CC runtime/meta.bd.o
  CC runtime/minor_gc.bd.o
  CC runtime/misc.bd.o
  CC runtime/obj.bd.o
  CC runtime/parsing.bd.o
  CC runtime/platform.bd.o
  CC runtime/printexc.bd.o
  CC runtime/prng.bd.o
  CC runtime/roots.bd.o
  CC runtime/runtime_events.bd.o
  CC runtime/shared_heap.bd.o
  CC runtime/signals.bd.o
  CC runtime/skiplist.bd.o
  CC runtime/startup_aux.bd.o
  CC runtime/str.bd.o
  CC runtime/sync.bd.o
  CC runtime/sys.bd.o
  CC runtime/unix.bd.o
  CC runtime/weak.bd.o
  CC runtime/backtrace_byt.bd.o
  CC runtime/fail_byt.bd.o
  CC runtime/fix_code.bd.o
  CC runtime/interp.bd.o
  CC runtime/startup_byt.bd.o
  CC runtime/zstd.bd.o
  CC runtime/instrtrace.bd.o
  CC runtime/addrmap.bi.o
  CC runtime/afl.bi.o
  CC runtime/alloc.bi.o
  CC runtime/array.bi.o
  CC runtime/backtrace.bi.o
  CC runtime/bigarray.bi.o
  CC runtime/blake2.bi.o
  CC runtime/callback.bi.o
  CC runtime/codefrag.bi.o
  CC runtime/compare.bi.o
  CC runtime/custom.bi.o
  CC runtime/debugger.bi.o
  CC runtime/domain.bi.o
  CC runtime/dynlink.bi.o
  CC runtime/extern.bi.o
  CC runtime/fail.bi.o
  CC runtime/fiber.bi.o
  CC runtime/finalise.bi.o
  CC runtime/floats.bi.o
  CC runtime/gc_ctrl.bi.o
  CC runtime/gc_stats.bi.o
  CC runtime/globroots.bi.o
  CC runtime/hash.bi.o
  CC runtime/intern.bi.o
  CC runtime/ints.bi.o
  CC runtime/io.bi.o
  CC runtime/lexing.bi.o
  CC runtime/lf_skiplist.bi.o
  CC runtime/main.bi.o
  CC runtime/major_gc.bi.o
  CC runtime/md5.bi.o
  CC runtime/memory.bi.o
  CC runtime/memprof.bi.o
  CC runtime/meta.bi.o
  CC runtime/minor_gc.bi.o
  CC runtime/misc.bi.o
  CC runtime/obj.bi.o
  CC runtime/parsing.bi.o
  CC runtime/platform.bi.o
  CC runtime/printexc.bi.o
  CC runtime/prng.bi.o
  CC runtime/roots.bi.o
  CC runtime/runtime_events.bi.o
  CC runtime/shared_heap.bi.o
  CC runtime/signals.bi.o
  CC runtime/skiplist.bi.o
  CC runtime/startup_aux.bi.o
  CC runtime/str.bi.o
  CC runtime/sync.bi.o
  CC runtime/sys.bi.o
  CC runtime/unix.bi.o
  CC runtime/weak.bi.o
  CC runtime/backtrace_byt.bi.o
  CC runtime/fail_byt.bi.o
  CC runtime/fix_code.bi.o
  CC runtime/interp.bi.o
  CC runtime/startup_byt.bi.o
  CC runtime/zstd.bi.o
  CC runtime/addrmap.bpic.o
  CC runtime/afl.bpic.o
  CC runtime/alloc.bpic.o
  CC runtime/array.bpic.o
  CC runtime/backtrace.bpic.o
  CC runtime/bigarray.bpic.o
  CC runtime/blake2.bpic.o
  CC runtime/callback.bpic.o
  CC runtime/codefrag.bpic.o
  CC runtime/compare.bpic.o
  CC runtime/custom.bpic.o
  CC runtime/debugger.bpic.o
  CC runtime/domain.bpic.o
  CC runtime/dynlink.bpic.o
  CC runtime/extern.bpic.o
  CC runtime/fail.bpic.o
  CC runtime/fiber.bpic.o
  CC runtime/finalise.bpic.o
  CC runtime/floats.bpic.o
  CC runtime/gc_ctrl.bpic.o
  CC runtime/gc_stats.bpic.o
  CC runtime/globroots.bpic.o
  CC runtime/hash.bpic.o
  CC runtime/intern.bpic.o
  CC runtime/ints.bpic.o
  CC runtime/io.bpic.o
  CC runtime/lexing.bpic.o
  CC runtime/lf_skiplist.bpic.o
  CC runtime/main.bpic.o
  CC runtime/major_gc.bpic.o
  CC runtime/md5.bpic.o
  CC runtime/memory.bpic.o
  CC runtime/memprof.bpic.o
  CC runtime/meta.bpic.o
  CC runtime/minor_gc.bpic.o
  CC runtime/misc.bpic.o
  CC runtime/obj.bpic.o
  CC runtime/parsing.bpic.o
  CC runtime/platform.bpic.o
  CC runtime/printexc.bpic.o
  CC runtime/prng.bpic.o
  CC runtime/roots.bpic.o
  CC runtime/runtime_events.bpic.o
  CC runtime/shared_heap.bpic.o
  CC runtime/signals.bpic.o
  CC runtime/skiplist.bpic.o
  CC runtime/startup_aux.bpic.o
  CC runtime/str.bpic.o
  CC runtime/sync.bpic.o
  CC runtime/sys.bpic.o
  CC runtime/unix.bpic.o
  CC runtime/weak.bpic.o
  CC runtime/backtrace_byt.bpic.o
  CC runtime/fail_byt.bpic.o
  CC runtime/fix_code.bpic.o
  CC runtime/interp.bpic.o
  CC runtime/startup_byt.bpic.o
  CC runtime/zstd.bpic.o
  MKLIB runtime/libcamlrund.a
  MKLIB runtime/libcamlruni.a
  MKEXE runtime/ocamlrund
  MKEXE runtime/ocamlruni
  MKLIB runtime/libcamlrun_pic.a
  MKDLL runtime/libcamlrun_shared.so
cd stdlib; ln -sf ../runtime/libcamlrun.a .
/home/malc/x/scm/git/llpp/build/ocaml-5.3.0/stdlib
make ocamlc
make[2]: Entering directory '/home/malc/x/scm/git/llpp/build/ocaml-5.3.0'
  OCAMLC utils/config.cmi
  OCAMLC utils/build_path_prefix_map.cmi
  OCAMLC utils/format_doc.cmi
  OCAMLC utils/identifiable.cmi
  OCAMLC utils/arg_helper.cmi
  OCAMLC utils/local_store.cmi
  OCAMLC utils/load_path.cmi
  OCAMLC utils/profile.cmi
  OCAMLC utils/terminfo.cmi
  OCAMLC utils/ccomp.cmi
  OCAMLC utils/targetint.cmi
  OCAMLC utils/int_replace_polymorphic_compare.cmi
  GEN utils/domainstate.mli
  OCAMLC utils/binutils.cmi
  OCAMLC utils/lazy_backtrack.cmi
  OCAMLC utils/compression.cmi
  OCAMLC parsing/unit_info.cmi
  OCAMLC parsing/longident.cmi
  GEN parsing/camlinternalMenhirLib.mli
  OCAMLC typing/value_rec_types.cmi
  OCAMLC lambda/switch.cmi
  OCAMLC lambda/runtimedef.cmi
  OCAMLC file_formats/cmo_format.cmi
  OCAMLC middle_end/flambda/allocated_const.cmi
  OCAMLC file_formats/cmxs_format.cmi
  OCAMLLEX tools/make_opcodes.ml
  OCAMLC tools/make_opcodes.cmi
  OCAMLC bytecomp/bytesections.cmi
  OCAMLC bytecomp/dll.cmi
  OCAMLC driver/main_args.cmi
  OCAMLC driver/makedepend.cmi
  GEN utils/config_main.ml
  OCAMLC utils/build_path_prefix_map.cmo
  OCAMLC utils/format_doc.cmo
  OCAMLC utils/arg_helper.cmo
  OCAMLC utils/local_store.cmo
  OCAMLC utils/terminfo.cmo
  OCAMLC utils/int_replace_polymorphic_compare.cmo
  GEN utils/domainstate.ml
  OCAMLC utils/binutils.cmo
  OCAMLC utils/lazy_backtrack.cmo
  OCAMLC utils/compression.cmo
  GEN parsing/camlinternalMenhirLib.ml
  OCAMLLEX parsing/lexer.ml
  OCAMLC lambda/switch.cmo
  GEN lambda/runtimedef.ml
  OCAMLC bytecomp/bytesections.cmo
cp utils/config.mli utils/config_main.mli
  GEN utils/config_boot.ml
cp utils/config.mli utils/config_boot.mli
  OCAMLC driver/errors.cmi
  OCAMLC driver/maindriver.cmi
  OCAMLC driver/main.cmi
  OCAMLC utils/misc.cmi
  OCAMLC utils/numbers.cmi
  OCAMLC utils/warnings.cmi
  OCAMLC utils/linkdeps.cmi
  OCAMLC utils/strongly_connected_components.cmi
  OCAMLC utils/domainstate.cmi
  OCAMLC parsing/camlinternalMenhirLib.cmi
  OCAMLC typing/ident.cmi
  OCAMLC middle_end/linkage_name.cmi
  OCAMLC middle_end/flambda/base_types/tag.cmi
  OCAMLC middle_end/flambda/base_types/static_exception.cmi
  OCAMLC tools/make_opcodes.cmo
  GEN utils/config.ml
  OCAMLC utils/misc.cmo
  OCAMLC utils/identifiable.cmo
  OCAMLC utils/numbers.cmo
  OCAMLC utils/load_path.cmo
  OCAMLC utils/profile.cmo
  OCAMLC utils/warnings.cmo
  OCAMLC utils/linkdeps.cmo
  OCAMLC utils/strongly_connected_components.cmo
  OCAMLC utils/targetint.cmo
  OCAMLC utils/domainstate.cmo
  OCAMLC parsing/longident.cmo
  OCAMLC parsing/camlinternalMenhirLib.cmo
  OCAMLC lambda/runtimedef.cmo
  OCAMLC bytecomp/dll.cmo
  OCAMLC utils/config_main.cmi
  OCAMLC utils/config_boot.cmi
  OCAMLC bytecomp/bytelibrarian.cmi
  OCAMLC driver/main.cmo
  OCAMLC utils/clflags.cmi
  OCAMLC utils/consistbl.cmi
  OCAMLC utils/diffing.cmi
  OCAMLC parsing/location.cmi
  OCAMLC typing/path.cmi
  OCAMLC middle_end/compilation_unit.cmi
  LINKC tools/make_opcodes
  OCAMLC driver/compenv.cmi
  OCAMLC utils/config.cmo
  OCAMLC utils/clflags.cmo
  OCAMLC utils/ccomp.cmo
  OCAMLC utils/consistbl.cmo
  OCAMLC utils/diffing.cmo
  OCAMLC typing/ident.cmo
  OCAMLC driver/compenv.cmo
  OCAMLC driver/main_args.cmo
  OCAMLC utils/config_main.cmo
  OCAMLC utils/config_boot.cmo
  OCAMLC driver/errors.cmo
  OCAMLC utils/diffing_with_keys.cmi
  OCAMLC parsing/asttypes.cmi
  OCAMLC parsing/syntaxerr.cmi
  OCAMLC typing/annot.cmi
  OCAMLC typing/shape.cmi
  OCAMLC middle_end/flambda/base_types/set_of_closures_id.cmi
  OCAMLC middle_end/flambda/base_types/export_id.cmi
  GEN bytecomp/opcodes.ml
  OCAMLC utils/diffing_with_keys.cmo
  OCAMLC parsing/location.cmo
  OCAMLC parsing/unit_info.cmo
  OCAMLC parsing/asttypes.cmo
  OCAMLC parsing/syntaxerr.cmo
  OCAMLC typing/shape.cmo
  OCAMLC parsing/parsetree.cmi
  OCAMLC lambda/debuginfo.cmi
  OCAMLC middle_end/flambda/base_types/set_of_closures_origin.cmi
  GEN bytecomp/opcodes.mli
  OCAMLC lambda/debuginfo.cmo
  OCAMLC middle_end/backend_var.cmi
  OCAMLC parsing/docstrings.cmi
  OCAMLC parsing/ast_iterator.cmi
  OCAMLC parsing/builtin_attributes.cmi
  OCAMLC parsing/pprintast.cmi
  OCAMLC parsing/parse.cmi
  OCAMLC parsing/printast.cmi
  OCAMLC parsing/ast_mapper.cmi
  OCAMLC parsing/attr_helper.cmi
  OCAMLC parsing/ast_invariants.cmi
  OCAMLC parsing/depend.cmi
  OCAMLC typing/type_immediacy.cmi
  OCAMLC bytecomp/opcodes.cmi
  OCAMLC driver/pparse.cmi
  OCAMLC parsing/docstrings.cmo
  OCAMLC parsing/ast_iterator.cmo
  OCAMLC parsing/printast.cmo
  OCAMLC parsing/attr_helper.cmo
  OCAMLC parsing/depend.cmo
  OCAMLC typing/type_immediacy.cmo
  OCAMLC bytecomp/opcodes.cmo
  OCAMLC driver/pparse.cmo
  OCAMLC parsing/ast_helper.cmi
  OCAMLC typing/outcometree.cmi
  OCAMLC parsing/ast_invariants.cmo
  GEN parsing/parser.mli
  OCAMLC parsing/ast_helper.cmo
  OCAMLC parsing/builtin_attributes.cmo
  GEN parsing/parser.ml
  OCAMLC parsing/ast_mapper.cmo
  OCAMLC parsing/parser.cmi
  OCAMLC typing/primitive.cmi
  OCAMLC typing/oprint.cmi
  OCAMLC typing/types.cmi
  OCAMLC typing/primitive.cmo
  OCAMLC parsing/parser.cmo
  OCAMLC parsing/lexer.cmi
  OCAMLC parsing/lexer.cmo
  OCAMLC parsing/pprintast.cmo
  OCAMLC parsing/parse.cmo
  OCAMLC typing/path.cmo
  OCAMLC typing/oprint.cmo
  OCAMLC driver/makedepend.cmo
  OCAMLC typing/rawprinttyp.cmi
  OCAMLC typing/gprinttyp.cmi
  OCAMLC typing/btype.cmi
  OCAMLC typing/subst.cmi
  OCAMLC typing/predef.cmi
  OCAMLC typing/datarepr.cmi
  OCAMLC file_formats/cmi_format.cmi
  OCAMLC typing/errortrace.cmi
  OCAMLC typing/signature_group.cmi
  OCAMLC typing/types.cmo
  OCAMLC typing/rawprinttyp.cmo
  OCAMLC typing/gprinttyp.cmo
  OCAMLC typing/btype.cmo
  OCAMLC typing/subst.cmo
  OCAMLC typing/predef.cmo
  OCAMLC typing/datarepr.cmo
  OCAMLC file_formats/cmi_format.cmo
  OCAMLC typing/errortrace.cmo
  OCAMLC typing/signature_group.cmo
  OCAMLC typing/persistent_env.cmi
  OCAMLC typing/env.cmi
  OCAMLC typing/typedtree.cmi
  OCAMLC typing/ctype.cmi
  OCAMLC typing/out_type.cmi
  OCAMLC typing/mtype.cmi
  OCAMLC typing/envaux.cmi
  OCAMLC typing/shape_reduce.cmi
  OCAMLC typing/typedecl_properties.cmi
  OCAMLC typing/typedecl_unboxed.cmi
  OCAMLC lambda/lambda.cmi
  OCAMLC typing/value_rec_check.cmi
  OCAMLC typing/typecore.cmi
  OCAMLC typing/typeclass.cmi
  OCAMLC driver/compmisc.cmi
  OCAMLC driver/compile_common.cmi
  OCAMLC typing/persistent_env.cmo
  OCAMLC typing/env.cmo
  OCAMLC typing/typedtree.cmo
  OCAMLC typing/ctype.cmo
  OCAMLC typing/out_type.cmo
  OCAMLC typing/mtype.cmo
  OCAMLC typing/shape_reduce.cmo
  OCAMLC typing/typedecl_properties.cmo
  OCAMLC typing/typedecl_unboxed.cmo
  OCAMLC lambda/lambda.cmo
  OCAMLC bytecomp/bytepackager.cmi
  OCAMLC typing/printtyped.cmi
  OCAMLC typing/printtyp.cmi
  OCAMLC typing/errortrace_report.cmi
  OCAMLC typing/includeclass.cmi
  OCAMLC typing/includecore.cmi
  OCAMLC typing/tast_iterator.cmi
  OCAMLC typing/tast_mapper.cmi
  OCAMLC typing/stypes.cmi
  OCAMLC file_formats/cmt_format.cmi
  OCAMLC typing/untypeast.cmi
  OCAMLC typing/includemod.cmi
  OCAMLC typing/typetexp.cmi
  OCAMLC typing/printpat.cmi
  OCAMLC typing/patterns.cmi
  OCAMLC typing/parmatch.cmi
  OCAMLC typing/typedecl_variance.cmi
  OCAMLC typing/typedecl_immediacy.cmi
  OCAMLC typing/typedecl_separability.cmi
  OCAMLC typing/typeopt.cmi
  OCAMLC lambda/printlambda.cmi
  OCAMLC lambda/matching.cmi
  OCAMLC lambda/value_rec_compiler.cmi
  OCAMLC lambda/translobj.cmi
  OCAMLC lambda/translattribute.cmi
  OCAMLC lambda/translprim.cmi
  OCAMLC lambda/translcore.cmi
  OCAMLC lambda/translclass.cmi
  OCAMLC lambda/translmod.cmi
  OCAMLC lambda/tmc.cmi
  OCAMLC lambda/simplif.cmi
  OCAMLC middle_end/internal_variable_names.cmi
  OCAMLC middle_end/clambda_primitives.cmi
  OCAMLC bytecomp/instruct.cmi
  OCAMLC bytecomp/symtable.cmi
  OCAMLC typing/printtyped.cmo
  OCAMLC typing/printtyp.cmo
  OCAMLC typing/errortrace_report.cmo
  OCAMLC typing/includeclass.cmo
  OCAMLC typing/envaux.cmo
  OCAMLC typing/includecore.cmo
  OCAMLC typing/tast_iterator.cmo
  OCAMLC typing/tast_mapper.cmo
  OCAMLC typing/stypes.cmo
  OCAMLC file_formats/cmt_format.cmo
  OCAMLC typing/untypeast.cmo
  OCAMLC typing/includemod.cmo
  OCAMLC typing/typetexp.cmo
  OCAMLC typing/printpat.cmo
  OCAMLC typing/patterns.cmo
  OCAMLC typing/parmatch.cmo
  OCAMLC typing/typedecl_variance.cmo
  OCAMLC typing/typedecl_immediacy.cmo
  OCAMLC typing/typedecl_separability.cmo
  OCAMLC typing/typeopt.cmo
  OCAMLC typing/value_rec_check.cmo
  OCAMLC lambda/printlambda.cmo
  OCAMLC lambda/matching.cmo
  OCAMLC lambda/value_rec_compiler.cmo
  OCAMLC lambda/translobj.cmo
  OCAMLC lambda/translattribute.cmo
  OCAMLC lambda/translprim.cmo
  OCAMLC lambda/translcore.cmo
  OCAMLC lambda/translclass.cmo
  OCAMLC lambda/translmod.cmo
  OCAMLC lambda/tmc.cmo
  OCAMLC lambda/simplif.cmo
  OCAMLC bytecomp/bytegen.cmi
  OCAMLC bytecomp/printinstr.cmi
  OCAMLC bytecomp/emitcode.cmi
  OCAMLC bytecomp/bytelink.cmi
  OCAMLC driver/compile.cmi
  OCAMLC bytecomp/instruct.cmo
  OCAMLC bytecomp/bytegen.cmo
  OCAMLC bytecomp/printinstr.cmo
  OCAMLC bytecomp/emitcode.cmo
  OCAMLC bytecomp/bytelink.cmo
  OCAMLC bytecomp/bytelibrarian.cmo
  OCAMLC driver/compile.cmo
  OCAMLC driver/maindriver.cmo
  OCAMLC typing/cmt2annot.cmi
  OCAMLC typing/includemod_errorprinter.cmi
  OCAMLC typing/typedecl.cmi
  OCAMLC middle_end/variable.cmi
  OCAMLC middle_end/clambda.cmi
  OCAMLC bytecomp/meta.cmi
  OCAMLC typing/cmt2annot.cmo
  OCAMLC typing/includemod_errorprinter.cmo
  OCAMLC typing/typedecl.cmo
  OCAMLC typing/typecore.cmo
  OCAMLC typing/typeclass.cmo
  OCAMLC bytecomp/meta.cmo
  OCAMLC bytecomp/symtable.cmo
  OCAMLC typing/typemod.cmi
  OCAMLC middle_end/flambda/base_types/closure_element.cmi
  OCAMLC middle_end/symbol.cmi
  OCAMLC middle_end/flambda/parameter.cmi
  OCAMLC middle_end/flambda/base_types/mutable_variable.cmi
  OCAMLC middle_end/flambda/base_types/closure_id.cmi
  OCAMLC typing/typemod.cmo
  OCAMLC driver/compmisc.cmo
  OCAMLC driver/compile_common.cmo
  OCAMLC bytecomp/bytepackager.cmo
  OCAMLC middle_end/flambda/base_types/var_within_closure.cmi
  OCAMLC middle_end/flambda/base_types/closure_origin.cmi
  OCAMLC middle_end/flambda/projection.cmi
  LINKC compilerlibs/ocamlbytecomp.cma
  OCAMLC middle_end/flambda/flambda.cmi
  OCAMLC middle_end/flambda/freshening.cmi
  OCAMLC middle_end/flambda/simple_value_approx.cmi
  OCAMLC middle_end/flambda/export_info.cmi
  OCAMLC file_formats/cmx_format.cmi
  LINKC compilerlibs/ocamlcommon.cma
  LINKC ocamlc
make[2]: Leaving directory '/home/malc/x/scm/git/llpp/build/ocaml-5.3.0'
make ocamllex ocamltools library
make[2]: Entering directory '/home/malc/x/scm/git/llpp/build/ocaml-5.3.0'
  CC yacc/closure.o
  CC yacc/error.o
  CC yacc/lalr.o
  CC yacc/lr0.o
  CC yacc/main.o
  CC yacc/mkpar.o
  CC yacc/output.o
  CC yacc/reader.o
  CC yacc/skeleton.o
  CC yacc/symtab.o
  CC yacc/verbose.o
  CC yacc/warshall.o
make -C stdlib all
make[3]: Entering directory '/home/malc/x/scm/git/llpp/build/ocaml-5.3.0/stdlib'
  OCAMLC camlinternalFormatBasics.cmi
  OCAMLC camlinternalFormatBasics.cmo
  OCAMLC stdlib.cmi
  OCAMLC stdlib.cmo
  OCAMLC stdlib__Either.cmi
  OCAMLC stdlib__Sys.cmi
  OCAMLC stdlib__Int32.cmi
  OCAMLC stdlib__Type.cmi
  OCAMLC stdlib__Atomic.cmi
  OCAMLC camlinternalLazy.cmi
  MKEXE yacc/ocamlyacc
  OCAMLC stdlib__Bool.cmi
  OCAMLC stdlib__Char.cmi
  OCAMLC stdlib__Uchar.cmi
  OCAMLC stdlib__Int.cmi
make lex-all
  OCAMLC stdlib__Unit.cmi
make[3]: Entering directory '/home/malc/x/scm/git/llpp/build/ocaml-5.3.0'
  OCAMLC stdlib__Marshal.cmi
  OCAMLC stdlib__Int32.cmo
  OCAMLC stdlib__Int64.cmi
  OCAMLC stdlib__Nativeint.cmi
  OCAMLC lex/cset.cmi
  OCAMLYACC lex/parser.ml
  OCAMLC stdlib__Lexing.cmi
  OCAMLLEX lex/lexer.ml
  OCAMLC lex/table.cmi
  OCAMLC stdlib__Mutex.cmi
  OCAMLC lex/main.cmi
  OCAMLC stdlib__Semaphore.cmi
  OCAMLC stdlib__Domain.cmi
  OCAMLC stdlib__Arg.cmi
  OCAMLC stdlib__Fun.cmi
  OCAMLC lex/table.cmo
  OCAMLC stdlib__Complex.cmi
  OCAMLC stdlib__Digest.cmi
  OCAMLC lex/cset.cmo
  OCAMLC lex/syntax.cmi
  OCAMLC stdlib__Random.cmi
  OCAMLC stdlib__Scanf.cmi
  OCAMLC stdlib__Callback.cmi
  OCAMLC stdlib__Filename.cmi
  OCAMLC std_exit.cmi
  OCAMLC stdlib__Either.cmo
  OCAMLC stdlib__Sys.cmo
  OCAMLC stdlib__Obj.cmi
  OCAMLC stdlib__Atomic.cmo
  OCAMLC stdlib__Lazy.cmi
  OCAMLC stdlib__Seq.cmi
  OCAMLC stdlib__Bool.cmo
  OCAMLC lex/syntax.cmo
  OCAMLC lex/parser.cmi
  OCAMLC lex/lexgen.cmi
  OCAMLC stdlib__Char.cmo
  OCAMLC stdlib__Uchar.cmo
  OCAMLC stdlib__Int.cmo
  OCAMLC stdlib__Unit.cmo
  OCAMLC stdlib__Int64.cmo
  OCAMLC stdlib__Nativeint.cmo
  OCAMLC lex/lexgen.cmo
  OCAMLC lex/compact.cmi
  OCAMLC lex/common.cmi
  OCAMLC stdlib__Parsing.cmi
  OCAMLC stdlib__Set.cmi
  OCAMLC lex/parser.cmo
  OCAMLC stdlib__Map.cmi
  OCAMLC stdlib__Stack.cmi
  OCAMLC stdlib__Queue.cmi
  OCAMLC stdlib__Buffer.cmi
  OCAMLC lex/lexer.cmi
  OCAMLC lex/compact.cmo
  OCAMLC stdlib__Mutex.cmo
  OCAMLC stdlib__Condition.cmi
  OCAMLC stdlib__Printexc.cmi
  OCAMLC stdlib__Bigarray.cmi
  OCAMLC stdlib__Hashtbl.cmi
  OCAMLC stdlib__Callback.cmo
  OCAMLC lex/common.cmo
  OCAMLC camlinternalOO.cmi
  OCAMLC lex/output.cmi
  OCAMLC lex/outputbis.cmi
  OCAMLC lex/lexer.cmo
  OCAMLC camlinternalMod.cmi
  OCAMLC stdlib__Dynarray.cmi
  OCAMLC stdlib__ArrayLabels.cmi
  OCAMLC stdlib__ListLabels.cmi
  OCAMLC lex/output.cmo
  OCAMLC stdlib__BytesLabels.cmi
  OCAMLC stdlib__StringLabels.cmi
  OCAMLC stdlib__MoreLabels.cmi
  OCAMLC lex/outputbis.cmo
  OCAMLC stdlib__Effect.cmi
  OCAMLC lex/main.cmo
  OCAMLC std_exit.cmo
  OCAMLC stdlib__Obj.cmo
  OCAMLC stdlib__Type.cmo
  OCAMLC camlinternalLazy.cmo
  OCAMLC stdlib__Lazy.cmo
  OCAMLC stdlib__Seq.cmo
  OCAMLC stdlib__Option.cmi
  OCAMLC stdlib__Result.cmi
  OCAMLC stdlib__List.cmi
  OCAMLC stdlib__Bytes.cmi
  OCAMLC stdlib__String.cmi
  OCAMLC stdlib__Array.cmi
  OCAMLC stdlib__Float.cmi
  OCAMLC stdlib__Set.cmo
  OCAMLC stdlib__Map.cmo
  OCAMLC stdlib__Stack.cmo
  LINKC lex/ocamllex
  OCAMLC stdlib__Queue.cmo
  OCAMLC stdlib__Condition.cmo
  OCAMLC stdlib__Semaphore.cmo
  OCAMLC stdlib__Domain.cmo
  OCAMLC camlinternalFormat.cmi
  OCAMLC stdlib__Printf.cmi
  OCAMLC stdlib__Fun.cmo
  OCAMLC stdlib__Gc.cmi
make[3]: Leaving directory '/home/malc/x/scm/git/llpp/build/ocaml-5.3.0'
  OCAMLC stdlib__In_channel.cmi
  OCAMLC stdlib__Out_channel.cmi
  OCAMLC stdlib__Bigarray.cmo
  OCAMLC stdlib__Random.cmo
  OCAMLC stdlib__Hashtbl.cmo
  OCAMLC stdlib__Weak.cmi
make tools-all
make[3]: Entering directory '/home/malc/x/scm/git/llpp/build/ocaml-5.3.0'
  OCAMLC stdlib__Format.cmi
  OCAMLC stdlib__Scanf.cmo
  OCAMLC camlinternalOO.cmo
  OCAMLC stdlib__Oo.cmi
  OCAMLC camlinternalMod.cmo
  OCAMLC stdlib__Dynarray.cmo
  OCAMLC stdlib__Ephemeron.cmi
  OCAMLC tools/ocamldep.cmi
  OCAMLC stdlib__Filename.cmo
  OCAMLC middle_end/printclambda_primitives.cmi
  OCAMLC stdlib__Complex.cmo
  OCAMLC middle_end/printclambda.cmi
  OCAMLC stdlib__ArrayLabels.cmo
  OCAMLC stdlib__ListLabels.cmo
  OCAMLC middle_end/semantics_of_primitives.cmi
  OCAMLC middle_end/convert_primitives.cmi
  OCAMLC middle_end/flambda/base_types/id_types.cmi
  OCAMLC middle_end/flambda/pass_wrapper.cmi
  OCAMLC stdlib__BytesLabels.cmo
  OCAMLC middle_end/flambda/flambda_iterators.cmi
  OCAMLC stdlib__StringLabels.cmo
  OCAMLC stdlib__MoreLabels.cmo
  OCAMLC stdlib__StdLabels.cmi
  OCAMLC stdlib__Effect.cmo
  OCAMLC middle_end/flambda/flambda_utils.cmi
  OCAMLC middle_end/flambda/effect_analysis.cmi
  OCAMLC middle_end/flambda/inlining_cost.cmi
  OCAMLC stdlib__Option.cmo
  OCAMLC stdlib__Result.cmo
  OCAMLC middle_end/flambda/export_info_for_pack.cmi
  OCAMLC middle_end/compilenv.cmi
  OCAMLC stdlib__List.cmo
  OCAMLC middle_end/backend_intf.cmi
  OCAMLC stdlib__Bytes.cmo
  OCAMLC middle_end/flambda/import_approx.cmi
  OCAMLC middle_end/flambda/lift_code.cmi
  OCAMLC stdlib__String.cmo
  OCAMLC stdlib__Marshal.cmo
  OCAMLC middle_end/flambda/closure_conversion_aux.cmi
  OCAMLC stdlib__Array.cmo
  OCAMLC middle_end/flambda/initialize_symbol_to_let_symbol.cmi
  OCAMLC stdlib__Float.cmo
  OCAMLC middle_end/flambda/lift_let_to_initialize_symbol.cmi
  OCAMLC middle_end/flambda/find_recursive_functions.cmi
  OCAMLC stdlib__Lexing.cmo
  OCAMLC stdlib__Parsing.cmo
  OCAMLC middle_end/flambda/invariant_params.cmi
  OCAMLC stdlib__Buffer.cmo
  OCAMLC middle_end/flambda/inconstant_idents.cmi
  OCAMLC camlinternalFormat.cmo
  OCAMLC stdlib__Printf.cmo
  OCAMLC middle_end/flambda/alias_analysis.cmi
  OCAMLC middle_end/flambda/lift_constants.cmi
  OCAMLC middle_end/flambda/share_constants.cmi
  OCAMLC stdlib__Arg.cmo
  OCAMLC middle_end/flambda/simplify_common.cmi
  OCAMLC middle_end/flambda/remove_unused_arguments.cmi
  OCAMLC middle_end/flambda/remove_unused_closure_vars.cmi
  OCAMLC middle_end/flambda/remove_unused_program_constructs.cmi
  OCAMLC middle_end/flambda/simplify_boxed_integer_ops_intf.cmi
  OCAMLC stdlib__Printexc.cmo
  OCAMLC middle_end/flambda/simplify_primitives.cmi
  OCAMLC stdlib__Gc.cmo
  OCAMLC stdlib__In_channel.cmo
  OCAMLC middle_end/flambda/inlining_stats_types.cmi
  OCAMLC stdlib__Out_channel.cmo
  OCAMLC middle_end/flambda/remove_free_vars_equal_to_args.cmi
  OCAMLC middle_end/flambda/ref_to_variables.cmi
  OCAMLC middle_end/flambda/flambda_invariants.cmi
  OCAMLC middle_end/flambda/traverse_for_exported_symbols.cmi
  OCAMLC stdlib__Digest.cmo
  OCAMLC stdlib__Weak.cmo
  OCAMLC stdlib__Format.cmo
  OCAMLC middle_end/flambda/build_export_info.cmi
  OCAMLC stdlib__Oo.cmo
  OCAMLC middle_end/flambda/closure_offsets.cmi
  OCAMLC stdlib__Ephemeron.cmo
  OCAMLC stdlib__StdLabels.cmo
  OCAMLC middle_end/flambda/un_anf.cmi
  OCAMLC middle_end/flambda/flambda_to_clambda.cmi
  OCAMLC middle_end/flambda/flambda_middle_end.cmi
  OCAMLC middle_end/internal_variable_names.cmo
  OCAMLC middle_end/linkage_name.cmo
  OCAMLC middle_end/compilation_unit.cmo
  OCAMLC middle_end/variable.cmo
  OCAMLC middle_end/flambda/base_types/closure_element.cmo
  OCAMLC middle_end/flambda/base_types/closure_id.cmo
  OCAMLC middle_end/symbol.cmo
  OCAMLC middle_end/backend_var.cmo
  OCAMLC middle_end/clambda_primitives.cmo
  OCAMLC middle_end/printclambda_primitives.cmo
  OCAMLC middle_end/clambda.cmo
  OCAMLC middle_end/printclambda.cmo
  OCAMLC middle_end/semantics_of_primitives.cmo
  OCAMLC middle_end/convert_primitives.cmo
  OCAMLC middle_end/flambda/base_types/id_types.cmo
  OCAMLC middle_end/flambda/base_types/export_id.cmo
  OCAMLC middle_end/flambda/base_types/tag.cmo
  OCAMLC middle_end/flambda/base_types/mutable_variable.cmo
  OCAMLC middle_end/flambda/base_types/set_of_closures_id.cmo
  OCAMLC middle_end/flambda/base_types/set_of_closures_origin.cmo
  OCAMLC middle_end/flambda/base_types/closure_origin.cmo
  OCAMLC middle_end/flambda/base_types/var_within_closure.cmo
  OCAMLC middle_end/flambda/base_types/static_exception.cmo
  OCAMLC middle_end/flambda/pass_wrapper.cmo
  OCAMLC middle_end/flambda/allocated_const.cmo
  OCAMLC middle_end/flambda/parameter.cmo
  OCAMLC middle_end/flambda/projection.cmo
  OCAMLC middle_end/flambda/flambda.cmo
  OCAMLC middle_end/flambda/flambda_iterators.cmo
  OCAMLC middle_end/flambda/flambda_utils.cmo
  OCAMLC middle_end/flambda/freshening.cmo
  OCAMLC middle_end/flambda/effect_analysis.cmo
  OCAMLC middle_end/flambda/inlining_cost.cmo
  OCAMLC middle_end/flambda/simple_value_approx.cmo
  OCAMLC middle_end/flambda/export_info.cmo
  OCAMLC middle_end/flambda/export_info_for_pack.cmo
  OCAMLC middle_end/compilenv.cmo
  OCAMLC middle_end/flambda/import_approx.cmo
  LINKC stdlib.cma
  OCAMLC middle_end/flambda/lift_code.cmo
  OCAMLC middle_end/flambda/closure_conversion_aux.cmo
make[3]: Leaving directory '/home/malc/x/scm/git/llpp/build/ocaml-5.3.0/stdlib'
  OCAMLC middle_end/flambda/initialize_symbol_to_let_symbol.cmo
  OCAMLC middle_end/flambda/lift_let_to_initialize_symbol.cmo
  OCAMLC middle_end/flambda/find_recursive_functions.cmo
  OCAMLC middle_end/flambda/invariant_params.cmo
  OCAMLC middle_end/flambda/inconstant_idents.cmo
  OCAMLC middle_end/flambda/alias_analysis.cmo
  OCAMLC middle_end/flambda/lift_constants.cmo
  OCAMLC middle_end/flambda/share_constants.cmo
  OCAMLC middle_end/flambda/simplify_common.cmo
  OCAMLC middle_end/flambda/remove_unused_arguments.cmo
  OCAMLC middle_end/flambda/remove_unused_closure_vars.cmo
  OCAMLC middle_end/flambda/remove_unused_program_constructs.cmo
  OCAMLC middle_end/flambda/inlining_stats_types.cmo
  OCAMLC middle_end/flambda/remove_free_vars_equal_to_args.cmo
  OCAMLC middle_end/flambda/ref_to_variables.cmo
  OCAMLC middle_end/flambda/flambda_invariants.cmo
  OCAMLC middle_end/flambda/traverse_for_exported_symbols.cmo
  OCAMLC middle_end/flambda/closure_offsets.cmo
  OCAMLC middle_end/flambda/un_anf.cmo
  OCAMLC middle_end/flambda/flambda_to_clambda.cmo
  OCAMLC tools/objinfo.cmi
  OCAMLC tools/ocamlcmt.cmi
  OCAMLC tools/ocamlprof.cmi
  OCAMLC tools/ocamlcp_common.cmi
  OCAMLC tools/ocamlcp.cmi
  OCAMLC tools/ocamlmklib.cmi
  OCAMLC tools/ocamlmktop.cmi
  OCAMLC tools/ocamloptp.cmi
  GEN tools/opnames.ml
  OCAMLC tools/opnames.cmi
  OCAMLC tools/dumpobj.cmi
  OCAMLC tools/primreq.cmi
  OCAMLC tools/stripdebug.cmi
  OCAMLC tools/cmpbyt.cmi
  OCAMLC tools/profiling.cmi
  OCAMLC tools/ocamldep.cmo
  OCAMLC middle_end/closure/closure.cmi
  OCAMLC middle_end/closure/closure_middle_end.cmi
  OCAMLC middle_end/flambda/closure_conversion.cmi
  OCAMLC middle_end/flambda/simplify_boxed_integer_ops.cmi
  OCAMLC middle_end/flambda/inlining_stats.cmi
  OCAMLC middle_end/flambda/inline_and_simplify_aux.cmi
  OCAMLC tools/objinfo.cmo
  OCAMLC tools/ocamlcmt.cmo
  OCAMLC tools/ocamlprof.cmo
  OCAMLC tools/ocamlcp_common.cmo
  OCAMLC tools/ocamlcp.cmo
  OCAMLC tools/ocamlmklib.cmo
  OCAMLC tools/ocamlmktop.cmo
  OCAMLC tools/ocamloptp.cmo
  OCAMLC tools/opnames.cmo
  OCAMLC tools/dumpobj.cmo
  OCAMLC tools/primreq.cmo
  OCAMLC tools/stripdebug.cmo
  OCAMLC tools/cmpbyt.cmo
  OCAMLC tools/profiling.cmo
  LINKC tools/ocamldep
  OCAMLC middle_end/flambda/inlining_decision_intf.cmi
  OCAMLC middle_end/flambda/extract_projections.cmi
  OCAMLC middle_end/flambda/augment_specialised_args.cmi
  OCAMLC middle_end/flambda/unbox_free_vars_of_closures.cmi
  OCAMLC middle_end/flambda/unbox_specialised_args.cmi
  OCAMLC middle_end/flambda/unbox_closures.cmi
  OCAMLC middle_end/flambda/inline_and_simplify.cmi
  OCAMLC middle_end/closure/closure.cmo
  OCAMLC middle_end/closure/closure_middle_end.cmo
  OCAMLC middle_end/flambda/closure_conversion.cmo
  OCAMLC middle_end/flambda/simplify_boxed_integer_ops.cmo
  OCAMLC middle_end/flambda/simplify_primitives.cmo
  OCAMLC middle_end/flambda/inlining_stats.cmo
  OCAMLC middle_end/flambda/inline_and_simplify_aux.cmo
  OCAMLC middle_end/flambda/extract_projections.cmo
  OCAMLC middle_end/flambda/augment_specialised_args.cmo
  OCAMLC middle_end/flambda/unbox_free_vars_of_closures.cmo
  OCAMLC middle_end/flambda/unbox_specialised_args.cmo
  OCAMLC middle_end/flambda/unbox_closures.cmo
  OCAMLC middle_end/flambda/build_export_info.cmo
  OCAMLC middle_end/flambda/flambda_middle_end.cmo
  LINKC tools/ocamlcmt
  LINKC tools/ocamlprof
  LINKC tools/ocamlcp
  LINKC tools/ocamlmklib
  LINKC tools/ocamlmktop
  LINKC tools/ocamloptp
  LINKC tools/dumpobj
  LINKC tools/primreq
  LINKC tools/stripdebug
  LINKC tools/cmpbyt
  OCAMLC middle_end/flambda/inlining_transforms.cmi
  OCAMLC middle_end/flambda/inlining_decision.cmi
  OCAMLC middle_end/flambda/inline_and_simplify.cmo
  OCAMLC middle_end/flambda/inlining_transforms.cmo
  OCAMLC middle_end/flambda/inlining_decision.cmo
  LINKC compilerlibs/ocamlmiddleend.cma
  LINKC tools/ocamlobjinfo
make[3]: Leaving directory '/home/malc/x/scm/git/llpp/build/ocaml-5.3.0'
make[2]: Leaving directory '/home/malc/x/scm/git/llpp/build/ocaml-5.3.0'
make ocaml
make[2]: Entering directory '/home/malc/x/scm/git/llpp/build/ocaml-5.3.0'
  OCAMLC toplevel/expunge.cmi
  OCAMLC toplevel/genprintval.cmi
  OCAMLC toplevel/trace.cmi
  OCAMLC toplevel/toploop.cmi
  OCAMLC toplevel/topprinters.cmi
  OCAMLC toplevel/topdirs.cmi
  OCAMLC toplevel/topmain.cmi
  OCAMLC toplevel/topstart.cmi
  OCAMLC toplevel/expunge.cmo
  OCAMLC toplevel/topprinters.cmo
cp toplevel/trace.cmi toplevel/trace.mli toplevel/byte
cp toplevel/topmain.cmi toplevel/topmain.mli toplevel/byte
  OCAMLC toplevel/topstart.cmo
  OCAMLC toplevel/topcommon.cmi
  OCAMLC toplevel/genprintval.cmo
  LINKC expunge
  OCAMLC toplevel/topeval.cmi
  OCAMLC toplevel/topcommon.cmo
  OCAMLC toplevel/byte/topmain.cmo
cp toplevel/topeval.cmi toplevel/topeval.mli toplevel/byte
  OCAMLC toplevel/toploop.cmo
  OCAMLC toplevel/topdirs.cmo
  OCAMLC toplevel/byte/topeval.cmo
  OCAMLC toplevel/byte/trace.cmo
  LINKC compilerlibs/ocamltoplevel.cma
  LINKC ocaml.tmp
  GEN ocaml
rm ocaml.tmp
make[2]: Leaving directory '/home/malc/x/scm/git/llpp/build/ocaml-5.3.0'
make otherlibraries   \
         
make[2]: Entering directory '/home/malc/x/scm/git/llpp/build/ocaml-5.3.0'
make lex-all
  OCAMLC otherlibs/dynlink/dynlink_config.cmi
  OCAMLC otherlibs/dynlink/dynlink_types.cmi
  OCAMLC otherlibs/dynlink/dynlink_cmo_format.cmi
make[3]: Entering directory '/home/malc/x/scm/git/llpp/build/ocaml-5.3.0'
  OCAMLC otherlibs/dynlink/dynlink.cmi
make[3]: Nothing to be done for 'lex-all'.
make[3]: Leaving directory '/home/malc/x/scm/git/llpp/build/ocaml-5.3.0'
make tools-all
make[3]: Entering directory '/home/malc/x/scm/git/llpp/build/ocaml-5.3.0'
  OCAMLC otherlibs/dynlink/dynlink_platform_intf.cmi
  OCAMLC otherlibs/dynlink/dynlink_types.cmo
  OCAMLC otherlibs/dynlink/byte/dynlink_symtable.cmi
  OCAMLC otherlibs/dynlink/dynlink_config.cmo
cp otherlibs/dynlink/dynlink.cmi otherlibs/dynlink/dynlink.mli otherlibs/dynlink/byte/
make[3]: Nothing to be done for 'tools-all'.
make[3]: Leaving directory '/home/malc/x/scm/git/llpp/build/ocaml-5.3.0'
  OCAMLC otherlibs/dynlink/byte/dynlink_symtable.cmo
  OCAMLC otherlibs/dynlink/dynlink_common.cmi
  OCAMLC otherlibs/dynlink/dynlink_platform_intf.cmo
  OCAMLC otherlibs/dynlink/dynlink_common.cmo
  OCAMLC otherlibs/dynlink/byte/dynlink.cmo
  LINKC otherlibs/dynlink/dynlink.cma
make -C otherlibs all
make[3]: Entering directory '/home/malc/x/scm/git/llpp/build/ocaml-5.3.0/otherlibs'
for lib in runtime_events unix str systhreads; do (make -C $lib all) || exit $?; done
make[4]: Entering directory '/home/malc/x/scm/git/llpp/build/ocaml-5.3.0/otherlibs/runtime_events'
  CC runtime_events_consumer.b.o
  CC runtime_events_consumer.n.o
  OCAMLC runtime_events.cmi
  OCAMLC runtime_events.cmo
  OCAMLMKLIB runtime_events.cma
  OCAMLMKLIB libcamlruntime_eventsbyt.a
make[4]: Leaving directory '/home/malc/x/scm/git/llpp/build/ocaml-5.3.0/otherlibs/runtime_events'
make[4]: Entering directory '/home/malc/x/scm/git/llpp/build/ocaml-5.3.0/otherlibs/unix'
  CC access.b.o
  CC addrofstr.b.o
  CC chdir.b.o
  CC chmod.b.o
  CC cst2constr.b.o
  CC cstringv.b.o
  CC execv.b.o
  CC execve.b.o
  CC execvp.b.o
  CC fsync.b.o
  CC mkdir.b.o
  CC exit.b.o
  CC getaddrinfo.b.o
  CC getcwd.b.o
  CC gethost.b.o
  CC gethostname.b.o
  CC getnameinfo.b.o
  CC getproto.b.o
  CC getserv.b.o
  CC gmtime.b.o
  CC mmap_ba.b.o
  CC putenv.b.o
  CC rmdir.b.o
  CC socketaddr.b.o
  CC strofaddr.b.o
  CC time.b.o
  CC unlink.b.o
  CC accept_unix.b.o
  CC bind_unix.b.o
  CC channels_unix.b.o
  CC close_unix.b.o
  CC connect_unix.b.o
  CC dup_unix.b.o
  CC envir_unix.b.o
  CC errmsg_unix.b.o
  CC getpeername_unix.b.o
  CC getpid_unix.b.o
  CC getsockname_unix.b.o
  CC gettimeofday_unix.b.o
  CC isatty_unix.b.o
  CC link_unix.b.o
  CC listen_unix.b.o
  CC lockf_unix.b.o
  CC lseek_unix.b.o
  CC mmap_unix.b.o
  CC open_unix.b.o
  CC pipe_unix.b.o
  CC read_unix.b.o
  CC readlink_unix.b.o
  CC realpath_unix.b.o
  CC rename_unix.b.o
  CC select_unix.b.o
  CC sendrecv_unix.b.o
  CC shutdown_unix.b.o
  CC sleep_unix.b.o
  CC socket_unix.b.o
  CC socketpair_unix.b.o
  CC sockopt_unix.b.o
  CC stat_unix.b.o
  CC symlink_unix.b.o
  CC times_unix.b.o
  CC truncate_unix.b.o
  CC unixsupport_unix.b.o
  CC utimes_unix.b.o
  CC write_unix.b.o
  CC alarm.b.o
  CC chown.b.o
  CC chroot.b.o
  CC closedir.b.o
  CC dup2.b.o
  CC fchmod.b.o
  CC fchown.b.o
  CC fcntl.b.o
  CC fork.b.o
  CC ftruncate.b.o
  CC getegid.b.o
  CC geteuid.b.o
  CC getgid.b.o
  CC getgr.b.o
  CC getgroups.b.o
  CC getlogin.b.o
  CC getppid.b.o
  CC getpw.b.o
  CC getuid.b.o
  CC initgroups.b.o
  CC itimer.b.o
  CC kill.b.o
  CC mkfifo.b.o
  CC nice.b.o
  CC opendir.b.o
  CC readdir.b.o
  CC rewinddir.b.o
  CC setgid.b.o
  CC setgroups.b.o
  CC setsid.b.o
  CC setuid.b.o
  CC signals.b.o
  CC spawn.b.o
  CC termios.b.o
  CC umask.b.o
  CC wait.b.o
  CC access.n.o
  CC addrofstr.n.o
  CC chdir.n.o
  CC chmod.n.o
  CC cst2constr.n.o
  CC cstringv.n.o
  CC execv.n.o
  CC execve.n.o
  CC execvp.n.o
  CC fsync.n.o
  CC mkdir.n.o
  CC exit.n.o
  CC getaddrinfo.n.o
  CC getcwd.n.o
  CC gethost.n.o
  CC gethostname.n.o
  CC getnameinfo.n.o
  CC getproto.n.o
  CC getserv.n.o
  CC gmtime.n.o
  CC mmap_ba.n.o
  CC putenv.n.o
  CC rmdir.n.o
  CC socketaddr.n.o
  CC strofaddr.n.o
  CC time.n.o
  CC unlink.n.o
  CC accept_unix.n.o
  CC bind_unix.n.o
  CC channels_unix.n.o
  CC close_unix.n.o
  CC connect_unix.n.o
  CC dup_unix.n.o
  CC envir_unix.n.o
  CC errmsg_unix.n.o
  CC getpeername_unix.n.o
  CC getpid_unix.n.o
  CC getsockname_unix.n.o
  CC gettimeofday_unix.n.o
  CC isatty_unix.n.o
  CC link_unix.n.o
  CC listen_unix.n.o
  CC lockf_unix.n.o
  CC lseek_unix.n.o
  CC mmap_unix.n.o
  CC open_unix.n.o
  CC pipe_unix.n.o
  CC read_unix.n.o
  CC readlink_unix.n.o
  CC realpath_unix.n.o
  CC rename_unix.n.o
  CC select_unix.n.o
  CC sendrecv_unix.n.o
  CC shutdown_unix.n.o
  CC sleep_unix.n.o
  CC socket_unix.n.o
  CC socketpair_unix.n.o
  CC sockopt_unix.n.o
  CC stat_unix.n.o
  CC symlink_unix.n.o
  CC times_unix.n.o
  CC truncate_unix.n.o
  CC unixsupport_unix.n.o
  CC utimes_unix.n.o
  CC write_unix.n.o
  CC alarm.n.o
  CC chown.n.o
  CC chroot.n.o
  CC closedir.n.o
  CC dup2.n.o
  CC fchmod.n.o
  CC fchown.n.o
  CC fcntl.n.o
  CC fork.n.o
  CC ftruncate.n.o
  CC getegid.n.o
  CC geteuid.n.o
  CC getgid.n.o
  CC getgr.n.o
  CC getgroups.n.o
  CC getlogin.n.o
  CC getppid.n.o
  CC getpw.n.o
  CC getuid.n.o
  CC initgroups.n.o
  CC itimer.n.o
  CC kill.n.o
  CC mkfifo.n.o
  CC nice.n.o
  CC opendir.n.o
  CC readdir.n.o
  CC rewinddir.n.o
  CC setgid.n.o
  CC setgroups.n.o
  CC setsid.n.o
  CC setuid.n.o
  CC signals.n.o
  CC spawn.n.o
  CC termios.n.o
  CC umask.n.o
  CC wait.n.o
  OCAMLC unix.cmi
  OCAMLC unix.cmo
  OCAMLC unixLabels.cmi
  OCAMLMKLIB libunixbyt.a
  OCAMLC unixLabels.cmo
  OCAMLMKLIB unix.cma
make[4]: Leaving directory '/home/malc/x/scm/git/llpp/build/ocaml-5.3.0/otherlibs/unix'
make[4]: Entering directory '/home/malc/x/scm/git/llpp/build/ocaml-5.3.0/otherlibs/str'
  CC strstubs.b.o
  CC strstubs.n.o
  OCAMLC str.cmi
  OCAMLC str.cmo
  OCAMLMKLIB libcamlstrbyt.a
  OCAMLMKLIB str.cma
make[4]: Leaving directory '/home/malc/x/scm/git/llpp/build/ocaml-5.3.0/otherlibs/str'
make[4]: Entering directory '/home/malc/x/scm/git/llpp/build/ocaml-5.3.0/otherlibs/systhreads'
  CC st_stubs.b.o
  OCAMLC thread.cmi
  OCAMLC event.cmi
  OCAMLC thread.cmo
  OCAMLC event.cmo
  OCAMLMKLIB threads.cma
  OCAMLMKLIB libthreads.a
make[4]: Leaving directory '/home/malc/x/scm/git/llpp/build/ocaml-5.3.0/otherlibs/systhreads'
make[3]: Leaving directory '/home/malc/x/scm/git/llpp/build/ocaml-5.3.0/otherlibs'
make[2]: Leaving directory '/home/malc/x/scm/git/llpp/build/ocaml-5.3.0'
make othertools
make[2]: Entering directory '/home/malc/x/scm/git/llpp/build/ocaml-5.3.0'
make lex-all
make[3]: Entering directory '/home/malc/x/scm/git/llpp/build/ocaml-5.3.0'
  OCAMLC tools/ocamltex.cmi
make[3]: Nothing to be done for 'lex-all'.
make[3]: Leaving directory '/home/malc/x/scm/git/llpp/build/ocaml-5.3.0'
make tools-all
make[3]: Entering directory '/home/malc/x/scm/git/llpp/build/ocaml-5.3.0'
  OCAMLC tools/ocamltex.cmo
make[3]: Nothing to be done for 'tools-all'.
make[3]: Leaving directory '/home/malc/x/scm/git/llpp/build/ocaml-5.3.0'
make -C otherlibs all
make[3]: Entering directory '/home/malc/x/scm/git/llpp/build/ocaml-5.3.0/otherlibs'
for lib in runtime_events unix str systhreads; do (make -C $lib all) || exit $?; done
make[4]: Entering directory '/home/malc/x/scm/git/llpp/build/ocaml-5.3.0/otherlibs/runtime_events'
make[4]: Nothing to be done for 'all'.
make[4]: Leaving directory '/home/malc/x/scm/git/llpp/build/ocaml-5.3.0/otherlibs/runtime_events'
make[4]: Entering directory '/home/malc/x/scm/git/llpp/build/ocaml-5.3.0/otherlibs/unix'
make[4]: Nothing to be done for 'all'.
make[4]: Leaving directory '/home/malc/x/scm/git/llpp/build/ocaml-5.3.0/otherlibs/unix'
make[4]: Entering directory '/home/malc/x/scm/git/llpp/build/ocaml-5.3.0/otherlibs/str'
make[4]: Nothing to be done for 'all'.
make[4]: Leaving directory '/home/malc/x/scm/git/llpp/build/ocaml-5.3.0/otherlibs/str'
make[4]: Entering directory '/home/malc/x/scm/git/llpp/build/ocaml-5.3.0/otherlibs/systhreads'
make[4]: Nothing to be done for 'all'.
make[4]: Leaving directory '/home/malc/x/scm/git/llpp/build/ocaml-5.3.0/otherlibs/systhreads'
make[3]: Leaving directory '/home/malc/x/scm/git/llpp/build/ocaml-5.3.0/otherlibs'
  LINKC tools/ocamltex
make[2]: Leaving directory '/home/malc/x/scm/git/llpp/build/ocaml-5.3.0'
make[1]: Leaving directory '/home/malc/x/scm/git/llpp/build/ocaml-5.3.0'
mkdir -p "/home/malc/x/scm/git/llpp/build/bin"
mkdir -p "/home/malc/x/scm/git/llpp/build/lib/ocaml"
mkdir -p "/home/malc/x/scm/git/llpp/build/lib/ocaml/stublibs"
mkdir -p "/home/malc/x/scm/git/llpp/build/lib/ocaml/compiler-libs"
mkdir -p "/home/malc/x/scm/git/llpp/build/share/doc/ocaml"
mkdir -p "/home/malc/x/scm/git/llpp/build/lib/ocaml/caml"
mkdir -p "/home/malc/x/scm/git/llpp/build/lib/ocaml/profiling"
/usr/bin/install -c -p runtime/ocamlrun runtime/ocamlrund runtime/ocamlruni "/home/malc/x/scm/git/llpp/build/bin"
/usr/bin/install -c -p -m 644 runtime/ld.conf runtime/libcamlrun.a runtime/libcamlrund.a runtime/libcamlruni.a runtime/libcamlrun_pic.a \
  "/home/malc/x/scm/git/llpp/build/lib/ocaml"
/usr/bin/install -c -p runtime/libcamlrun_shared.so \
  "/home/malc/x/scm/git/llpp/build/lib/ocaml"
/usr/bin/install -c -p -m 644 runtime/caml/domain_state.tbl runtime/caml/*.h \
  "/home/malc/x/scm/git/llpp/build/lib/ocaml/caml"
/usr/bin/install -c -p ocaml "/home/malc/x/scm/git/llpp/build/bin"
./boot/ocamlrun ./tools/stripdebug  ocamlc  ocamlc.tmp && /usr/bin/install -c -p  ocamlc.tmp "/home/malc/x/scm/git/llpp/build/bin/ocamlc.byte" && rm  ocamlc.tmp
make -C stdlib install
make[1]: Entering directory '/home/malc/x/scm/git/llpp/build/ocaml-5.3.0/stdlib'
/usr/bin/install -c -p -m 644 \
  stdlib.cma std_exit.cmo *.cmi "/home/malc/x/scm/git/llpp/build/lib/ocaml"
mkdir -p "/home/malc/x/scm/git/llpp/build/lib/ocaml/stdlib"
/usr/bin/install -c -p -m 644 META "/home/malc/x/scm/git/llpp/build/lib/ocaml/stdlib"
/usr/bin/install -c -p -m 644 \
  *.cmt *.cmti *.mli *.ml *.ml.in \
  "/home/malc/x/scm/git/llpp/build/lib/ocaml"
/usr/bin/install -c -p -m 644 target_runtime-launch-info "/home/malc/x/scm/git/llpp/build/lib/ocaml/runtime-launch-info"
make[1]: Leaving directory '/home/malc/x/scm/git/llpp/build/ocaml-5.3.0/stdlib'
/usr/bin/install -c -p lex/ocamllex \
  "/home/malc/x/scm/git/llpp/build/bin/ocamllex.byte"
for i in ocamldep ocamlobjinfo; \
do \
  /usr/bin/install -c -p "tools/$i" "/home/malc/x/scm/git/llpp/build/bin/$i.byte";\
  if test -f "tools/$i".opt; then \
    /usr/bin/install -c -p "tools/$i.opt" "/home/malc/x/scm/git/llpp/build/bin" && \
    (cd "/home/malc/x/scm/git/llpp/build/bin" && ln -sf "$i.opt" "$i"); \
  else \
    (cd "/home/malc/x/scm/git/llpp/build/bin" && ln -sf "$i.byte" "$i"); \
  fi; \
done
for i in ocamlcmt ocamlprof ocamlcp ocamlmklib ocamlmktop ocamloptp; \
do \
  /usr/bin/install -c -p "tools/$i" "/home/malc/x/scm/git/llpp/build/bin";\
done
/usr/bin/install -c -p yacc/ocamlyacc "/home/malc/x/scm/git/llpp/build/bin"
/usr/bin/install -c -p -m 644 \
   utils/*.cmi \
   parsing/*.cmi \
   typing/*.cmi \
   bytecomp/*.cmi \
   file_formats/*.cmi \
   lambda/*.cmi \
   driver/*.cmi \
   toplevel/*.cmi \
   "/home/malc/x/scm/git/llpp/build/lib/ocaml/compiler-libs"
/usr/bin/install -c -p -m 644 \
   toplevel/byte/*.cmi \
   "/home/malc/x/scm/git/llpp/build/lib/ocaml/compiler-libs"
/usr/bin/install -c -p -m 644 \
   utils/*.cmt utils/*.cmti utils/*.mli \
   parsing/*.cmt parsing/*.cmti parsing/*.mli \
   typing/*.cmt typing/*.cmti typing/*.mli \
   file_formats/*.cmt file_formats/*.cmti file_formats/*.mli \
   lambda/*.cmt lambda/*.cmti lambda/*.mli \
   bytecomp/*.cmt bytecomp/*.cmti bytecomp/*.mli \
   driver/*.cmt driver/*.cmti driver/*.mli \
   toplevel/*.cmt toplevel/*.cmti toplevel/*.mli \
   "/home/malc/x/scm/git/llpp/build/lib/ocaml/compiler-libs"
/usr/bin/install -c -p -m 644 \
   toplevel/byte/*.cmt \
   "/home/malc/x/scm/git/llpp/build/lib/ocaml/compiler-libs"
/usr/bin/install -c -p -m 644 \
  tools/profiling.cmt tools/profiling.cmti \
  "/home/malc/x/scm/git/llpp/build/lib/ocaml/profiling"
/usr/bin/install -c -p -m 644 \
  compilerlibs/*.cma compilerlibs/META \
  "/home/malc/x/scm/git/llpp/build/lib/ocaml/compiler-libs"
/usr/bin/install -c -p -m 644 \
   driver/main.cmo toplevel/topstart.cmo \
   "/home/malc/x/scm/git/llpp/build/lib/ocaml/compiler-libs"
/usr/bin/install -c -p expunge "/home/malc/x/scm/git/llpp/build/lib/ocaml"
rm -f "/home/malc/x/scm/git/llpp/build/lib/ocaml"/topdirs.cm* "/home/malc/x/scm/git/llpp/build/lib/ocaml/topdirs.mli"
rm -f "/home/malc/x/scm/git/llpp/build/lib/ocaml"/profiling.cm* "/home/malc/x/scm/git/llpp/build/lib/ocaml/profiling.o"
/usr/bin/install -c -p -m 644 \
  tools/profiling.cmi tools/profiling.cmo \
  "/home/malc/x/scm/git/llpp/build/lib/ocaml/profiling"
make -C man install
make[1]: Entering directory '/home/malc/x/scm/git/llpp/build/ocaml-5.3.0/man'
mkdir -p '/home/malc/x/scm/git/llpp/build/man/man1'
/usr/bin/install -c -p -m 644 ocaml.1 ocamlc.1 ocamlc.opt.1 ocamlcp.1 ocamldebug.1 ocamldep.1 ocamldoc.1 ocamllex.1 ocamlmktop.1 ocamlopt.1 ocamlopt.opt.1 ocamloptp.1 ocamlprof.1 ocamlrun.1 ocamlyacc.1 '/home/malc/x/scm/git/llpp/build/man/man1'
make[1]: Leaving directory '/home/malc/x/scm/git/llpp/build/ocaml-5.3.0/man'
rm -f "/home/malc/x/scm/git/llpp/build/lib/ocaml"/dynlink.cm* "/home/malc/x/scm/git/llpp/build/lib/ocaml/dynlink.mli" \
        "/home/malc/x/scm/git/llpp/build/lib/ocaml/dynlink.a" \
        "/home/malc/x/scm/git/llpp/build/lib/ocaml/"dynlink_config.cmx "/home/malc/x/scm/git/llpp/build/lib/ocaml/"dynlink_types.cmx "/home/malc/x/scm/git/llpp/build/lib/ocaml/"dynlink_platform_intf.cmx "/home/malc/x/scm/git/llpp/build/lib/ocaml/"dynlink_common.cmx "/home/malc/x/scm/git/llpp/build/lib/ocaml/"dynlink.cmx
mkdir -p "/home/malc/x/scm/git/llpp/build/lib/ocaml/dynlink"
/usr/bin/install -c -p -m 644 \
  otherlibs/dynlink/dynlink.cmi otherlibs/dynlink/dynlink.cma \
  otherlibs/dynlink/META \
  "/home/malc/x/scm/git/llpp/build/lib/ocaml/dynlink"
/usr/bin/install -c -p -m 644 \
  otherlibs/dynlink/dynlink.cmti otherlibs/dynlink/dynlink.mli \
  "/home/malc/x/scm/git/llpp/build/lib/ocaml/dynlink"
for i in runtime_events unix str systhreads; do \
  make -C otherlibs/$i install || exit $?; \
done
make[1]: Entering directory '/home/malc/x/scm/git/llpp/build/ocaml-5.3.0/otherlibs/runtime_events'
if test -f dllcamlruntime_eventsbyt.so; then \
  /usr/bin/install -c -p \
    dllcamlruntime_eventsbyt.so "/home/malc/x/scm/git/llpp/build/lib/ocaml/stublibs"; \
fi
/usr/bin/install -c -p -m 644 libcamlruntime_eventsbyt.a "/home/malc/x/scm/git/llpp/build/lib/ocaml/"
rm -f "/home/malc/x/scm/git/llpp/build/lib/ocaml"/runtime_events.cma "/home/malc/x/scm/git/llpp/build/lib/ocaml"/runtime_events.cmi "/home/malc/x/scm/git/llpp/build/lib/ocaml"/runtime_events.mli "/home/malc/x/scm/git/llpp/build/lib/ocaml"/runtime_events.cmti "/home/malc/x/scm/git/llpp/build/lib/ocaml"/runtime_events.cmx "/home/malc/x/scm/git/llpp/build/lib/ocaml"/runtime_events.cmxa "/home/malc/x/scm/git/llpp/build/lib/ocaml"/runtime_events.cmxs "/home/malc/x/scm/git/llpp/build/lib/ocaml"/runtime_events.a
mkdir -p "/home/malc/x/scm/git/llpp/build/lib/ocaml/runtime_events"
/usr/bin/install -c -p -m 644 \
  runtime_events.cma runtime_events.cmi META \
  "/home/malc/x/scm/git/llpp/build/lib/ocaml/runtime_events/"
/usr/bin/install -c -p -m 644 \
  runtime_events.mli \
          runtime_events.cmti \
  "/home/malc/x/scm/git/llpp/build/lib/ocaml/runtime_events/"
if test -n "caml/runtime_events_consumer.h"; then \
  /usr/bin/install -c -p -m 644 caml/runtime_events_consumer.h "/home/malc/x/scm/git/llpp/build/lib/ocaml/caml/"; \
fi
make[1]: Leaving directory '/home/malc/x/scm/git/llpp/build/ocaml-5.3.0/otherlibs/runtime_events'
make[1]: Entering directory '/home/malc/x/scm/git/llpp/build/ocaml-5.3.0/otherlibs/unix'
if test -f dllunixbyt.so; then \
  /usr/bin/install -c -p \
    dllunixbyt.so "/home/malc/x/scm/git/llpp/build/lib/ocaml/stublibs"; \
fi
/usr/bin/install -c -p -m 644 libunixbyt.a "/home/malc/x/scm/git/llpp/build/lib/ocaml/"
rm -f "/home/malc/x/scm/git/llpp/build/lib/ocaml"/unix.cma "/home/malc/x/scm/git/llpp/build/lib/ocaml"/unix.cmi "/home/malc/x/scm/git/llpp/build/lib/ocaml"/unixLabels.cmi "/home/malc/x/scm/git/llpp/build/lib/ocaml"/unix.mli "/home/malc/x/scm/git/llpp/build/lib/ocaml"/unixLabels.mli "/home/malc/x/scm/git/llpp/build/lib/ocaml"/unix.cmti "/home/malc/x/scm/git/llpp/build/lib/ocaml"/unixLabels.cmti "/home/malc/x/scm/git/llpp/build/lib/ocaml"/unix.cmx "/home/malc/x/scm/git/llpp/build/lib/ocaml"/unixLabels.cmx "/home/malc/x/scm/git/llpp/build/lib/ocaml"/unix.cmxa "/home/malc/x/scm/git/llpp/build/lib/ocaml"/unix.cmxs "/home/malc/x/scm/git/llpp/build/lib/ocaml"/unix.a
mkdir -p "/home/malc/x/scm/git/llpp/build/lib/ocaml/unix"
/usr/bin/install -c -p -m 644 \
  unix.cma unix.cmi unixLabels.cmi META \
  "/home/malc/x/scm/git/llpp/build/lib/ocaml/unix/"
/usr/bin/install -c -p -m 644 \
  unix.mli unixLabels.mli \
          unix.cmti unixLabels.cmti \
  "/home/malc/x/scm/git/llpp/build/lib/ocaml/unix/"
if test -n "caml/unixsupport.h caml/socketaddr.h"; then \
  /usr/bin/install -c -p -m 644 caml/unixsupport.h caml/socketaddr.h "/home/malc/x/scm/git/llpp/build/lib/ocaml/caml/"; \
fi
make[1]: Leaving directory '/home/malc/x/scm/git/llpp/build/ocaml-5.3.0/otherlibs/unix'
make[1]: Entering directory '/home/malc/x/scm/git/llpp/build/ocaml-5.3.0/otherlibs/str'
if test -f dllcamlstrbyt.so; then \
  /usr/bin/install -c -p \
    dllcamlstrbyt.so "/home/malc/x/scm/git/llpp/build/lib/ocaml/stublibs"; \
fi
/usr/bin/install -c -p -m 644 libcamlstrbyt.a "/home/malc/x/scm/git/llpp/build/lib/ocaml/"
rm -f "/home/malc/x/scm/git/llpp/build/lib/ocaml"/str.cma "/home/malc/x/scm/git/llpp/build/lib/ocaml"/str.cmi "/home/malc/x/scm/git/llpp/build/lib/ocaml"/str.mli "/home/malc/x/scm/git/llpp/build/lib/ocaml"/str.cmti "/home/malc/x/scm/git/llpp/build/lib/ocaml"/str.cmx "/home/malc/x/scm/git/llpp/build/lib/ocaml"/str.cmxa "/home/malc/x/scm/git/llpp/build/lib/ocaml"/str.cmxs "/home/malc/x/scm/git/llpp/build/lib/ocaml"/str.a
mkdir -p "/home/malc/x/scm/git/llpp/build/lib/ocaml/str"
/usr/bin/install -c -p -m 644 \
  str.cma str.cmi META \
  "/home/malc/x/scm/git/llpp/build/lib/ocaml/str/"
/usr/bin/install -c -p -m 644 \
  str.mli \
          str.cmti \
  "/home/malc/x/scm/git/llpp/build/lib/ocaml/str/"
if test -n ""; then \
  /usr/bin/install -c -p -m 644  "/home/malc/x/scm/git/llpp/build/lib/ocaml/caml/"; \
fi
make[1]: Leaving directory '/home/malc/x/scm/git/llpp/build/ocaml-5.3.0/otherlibs/str'
make[1]: Entering directory '/home/malc/x/scm/git/llpp/build/ocaml-5.3.0/otherlibs/systhreads'
if test -f dllthreads.so; then \
  /usr/bin/install -c -p dllthreads.so "/home/malc/x/scm/git/llpp/build/lib/ocaml/stublibs"; \
fi
/usr/bin/install -c -p -m 644 libthreads.a "/home/malc/x/scm/git/llpp/build/lib/ocaml"
mkdir -p "/home/malc/x/scm/git/llpp/build/lib/ocaml/threads"
/usr/bin/install -c -p -m 644 \
  thread.cmi event.cmi threads.cma META \
  "/home/malc/x/scm/git/llpp/build/lib/ocaml/threads"
/usr/bin/install -c -p -m 644 \
  thread.cmti event.cmti \
  "/home/malc/x/scm/git/llpp/build/lib/ocaml/threads"
/usr/bin/install -c -p -m 644 thread.mli event.mli "/home/malc/x/scm/git/llpp/build/lib/ocaml/threads"
/usr/bin/install -c -p -m 644 caml/threads.h "/home/malc/x/scm/git/llpp/build/lib/ocaml/caml"
make[1]: Leaving directory '/home/malc/x/scm/git/llpp/build/ocaml-5.3.0/otherlibs/systhreads'
if test -n ""; then \
  /usr/bin/install -c -p debugger/ocamldebug "/home/malc/x/scm/git/llpp/build/bin"; \
fi
/usr/bin/install -c -p -m 644 Makefile.config "/home/malc/x/scm/git/llpp/build/lib/ocaml"
/usr/bin/install -c -p -m 644 Changes README.adoc README.win32.adoc LICENSE "/home/malc/x/scm/git/llpp/build/share/doc/ocaml"
if test -f ocamlopt; then make installopt; else \
   cd "/home/malc/x/scm/git/llpp/build/bin"; \
   ln -sf ocamlc.byte ocamlc; \
   ln -sf ocamllex.byte ocamllex; \
   (test -f flexlink.byte && \
      ln -sf flexlink.byte flexlink) || true; \
fi
  keys.cmi
 wsi/x11/wsi.cmi
 utils.cmi
 utf8syms.cmo
   parser.cmi
   confstruct.cmo
  config.cmo
 uiutils.cmi
 help.cmi
  lablGL/raw.cmi
 glutils.cmi
   lablGL/gl.cmi
  lablGL/glPix.cmi
 lablGL/glTex.cmi
 lablGL/glMisc.cmi
 lablGL/glMat.cmi
 lablGL/glFunc.cmi
 lablGL/glDraw.cmi
 lablGL/glClear.cmi
 lablGL/glArray.cmi
 ffi.cmo
 main.cmi
main.cmo
keys.cmo
wsi/x11/wsi.cmo
utils.cmo
parser.cmo
uiutils.cmo
help.cmo
lablGL/raw.cmo
glutils.cmo
lablGL/gl.cmo
lablGL/glPix.cmo
lablGL/glTex.cmo
lablGL/glMisc.cmo
lablGL/glMat.cmo
lablGL/glFunc.cmo
lablGL/glDraw.cmo
lablGL/glClear.cmo
lablGL/glArray.cmo
link.o
version.o
lablGL/ml_gl.o
lablGL/ml_glarray.o
lablGL/ml_raw.o
wsi/x11/xlib.o
linking build/llpp
real 44.12
user 158.91
sys 13.35

Compilation finished at Sat Feb 15 01:18:38, duration 44.1 s
